<html>
<body>
<pre>
<h1>µVision Build Log</h1>
<h2>Project:</h2>
F:\Basketball_Robot\Basketball_Robot_Slave\Slave_basketball_bot_odometer\Slave_basketball_bot_odometer\Slave_basketball_bot_odometer\USER\CAN.uvprojx
Project File Date:  06/20/2016

<h2>Output:</h2>
Build target 'Target 1'
compiling BSP.C...
linking...
Program Size: Code=15480 RO-data=336 RW-data=60 ZI-data=2004  
FromELF: creating hex file...
"..\OBJ\CAN.axf" - 0 Error(s), 0 Warning(s).
</pre>
</body>
</html>
le to "F:\Basketball_Robot\Basketball_Robot_Slave\Slave_basketball_bot_odometer\Slave_basketball_bot_odometer\Slave_basketball_bot_odometer\USER\JLinkSettings.ini"
* JLink Info: Device "STM32F103RC" selected (256 KB flash, 48 KB RAM).
 
JLink info:
------------
DLL: V4.80g, compiled Feb 13 2014 20:50:02
Firmware: J-Link ARM V8 compiled Nov 28 2014 13:44:46
Hardware: V8.00
S/N : 286370559 
Feature(s) : RDI,FlashDL,FlashBP,JFlash 
 
* JLink Info: Found SWD-DP with ID 0x1BA01477
* JLink Info: Found SWD-DP with ID 0x1BA01477
* JLink Info: Found Cortex-M3 r1p1, Little endian.
* JLink Info: FPUnit: 6 code (BP) slots and 2 literal slots
* JLink Info: TPIU fitted.
* JLink Info: ETM fitted.
ROMTableAddr = 0xE00FF003
 
Target info:
------------
Device: STM32F103RC
VTarget = 3.274V
State of Pins: 
TCK: 0, TDI: 0, TDO: 0, TMS: 1, TRES: 1, TRST: 1
Hardware-Breakpoints: 6
Software-Breakpoints: 8192
Watchpoints:          4
JTAG speed: 4000 kHz
 
Erase Done.
Programming Done.
Verify OK.
Application running ...
